powitanie
jeszcze jedno
Witaj świecie
Dodane